Traceback (most recent call last):
  File "C:\Users\LENOVO T470S\Documents\GitHub\elite-auto-pak\backend\.venv\Lib\site-packages\pydantic\networks.py", line 966, in import_email_validator
    import email_validator
ModuleNotFoundError: No module named 'email_validator'

The above exception was the direct cause of the following exception:

Traceback (most recent call last):
  File "<frozen runpy>", line 198, in _run_module_as_main
  File "<frozen runpy>", line 88, in _run_code
  File "C:\Users\LENOVO T470S\Documents\GitHub\elite-auto-pak\backend\.venv\Scripts\uvicorn.exe\__main__.py", line 5, in <module>
  File "C:\Users\LENOVO T470S\Documents\GitHub\elite-auto-pak\backend\.venv\Lib\site-packages\click\core.py", line 1631, in __call__
    return self.main(*args, **kwargs)
           ^^^^^^^^^^^^^^^^^^^^^^^^^^
  File "C:\Users\LENOVO T470S\Documents\GitHub\elite-auto-pak\backend\.venv\Lib\site-packages\click\core.py", line 1552, in main
    rv = self.invoke(ctx)
         ^^^^^^^^^^^^^^^^
  File "C:\Users\LENOVO T470S\Documents\GitHub\elite-auto-pak\backend\.venv\Lib\site-packages\click\core.py", line 1415, in invoke
    return ctx.invoke(self.callback, **ctx.params)
           ^^^^^^^^^^^^^^^^^^^^^^^^^^^^^^^^^^^^^^^
  File "C:\Users\LENOVO T470S\Documents\GitHub\elite-auto-pak\backend\.venv\Lib\site-packages\click\core.py", line 910, in invoke
    return callback(*args, **kwargs)
           ^^^^^^^^^^^^^^^^^^^^^^^^^
  File "C:\Users\LENOVO T470S\Documents\GitHub\elite-auto-pak\backend\.venv\Lib\site-packages\uvicorn\main.py", line 412, in main
    run(
  File "C:\Users\LENOVO T470S\Documents\GitHub\elite-auto-pak\backend\.venv\Lib\site-packages\uvicorn\main.py", line 579, in run
    server.run()
  File "C:\Users\LENOVO T470S\Documents\GitHub\elite-auto-pak\backend\.venv\Lib\site-packages\uvicorn\server.py", line 66, in run
    return asyncio.run(self.serve(sockets=sockets))
           ^^^^^^^^^^^^^^^^^^^^^^^^^^^^^^^^^^^^^^^^
  File "C:\Python312\Lib\asyncio\runners.py", line 194, in run
    return runner.run(main)
           ^^^^^^^^^^^^^^^^
  File "C:\Python312\Lib\asyncio\runners.py", line 118, in run
    return self._loop.run_until_complete(task)
           ^^^^^^^^^^^^^^^^^^^^^^^^^^^^^^^^^^^
  File "C:\Python312\Lib\asyncio\base_events.py", line 685, in run_until_complete
    return future.result()
           ^^^^^^^^^^^^^^^
  File "C:\Users\LENOVO T470S\Documents\GitHub\elite-auto-pak\backend\.venv\Lib\site-packages\uvicorn\server.py", line 70, in serve
    await self._serve(sockets)
  File "C:\Users\LENOVO T470S\Documents\GitHub\elite-auto-pak\backend\.venv\Lib\site-packages\uvicorn\server.py", line 77, in _serve
    config.load()
  File "C:\Users\LENOVO T470S\Documents\GitHub\elite-auto-pak\backend\.venv\Lib\site-packages\uvicorn\config.py", line 435, in load
    self.loaded_app = import_from_string(self.app)
                      ^^^^^^^^^^^^^^^^^^^^^^^^^^^^
  File "C:\Users\LENOVO T470S\Documents\GitHub\elite-auto-pak\backend\.venv\Lib\site-packages\uvicorn\importer.py", line 19, in import_from_string
    module = importlib.import_module(module_str)
             ^^^^^^^^^^^^^^^^^^^^^^^^^^^^^^^^^^^
  File "C:\Python312\Lib\importlib\__init__.py", line 90, in import_module
    return _bootstrap._gcd_import(name[level:], package, level)
           ^^^^^^^^^^^^^^^^^^^^^^^^^^^^^^^^^^^^^^^^^^^^^^^^^^^^
  File "<frozen importlib._bootstrap>", line 1387, in _gcd_import
  File "<frozen importlib._bootstrap>", line 1360, in _find_and_load
  File "<frozen importlib._bootstrap>", line 1331, in _find_and_load_unlocked
  File "<frozen importlib._bootstrap>", line 935, in _load_unlocked
  File "<frozen importlib._bootstrap_external>", line 995, in exec_module
  File "<frozen importlib._bootstrap>", line 488, in _call_with_frames_removed
  File "C:\Users\LENOVO T470S\Documents\GitHub\elite-auto-pak\backend\app\main.py", line 4, in <module>
    from app.api.routes import auth, uploads, vehicles
  File "C:\Users\LENOVO T470S\Documents\GitHub\elite-auto-pak\backend\app\api\routes\auth.py", line 8, in <module>
    from app.schemas.auth import LoginRequest, RegisterRequest, TokenResponse, UserResponse
  File "C:\Users\LENOVO T470S\Documents\GitHub\elite-auto-pak\backend\app\schemas\auth.py", line 4, in <module>
    class RegisterRequest(BaseModel):
  File "C:\Users\LENOVO T470S\Documents\GitHub\elite-auto-pak\backend\.venv\Lib\site-packages\pydantic\_internal\_model_construction.py", line 256, in __new__
    complete_model_class(
  File "C:\Users\LENOVO T470S\Documents\GitHub\elite-auto-pak\backend\.venv\Lib\site-packages\pydantic\_internal\_model_construction.py", line 667, in complete_model_class
    schema = gen_schema.generate_schema(cls)
             ^^^^^^^^^^^^^^^^^^^^^^^^^^^^^^^
  File "C:\Users\LENOVO T470S\Documents\GitHub\elite-auto-pak\backend\.venv\Lib\site-packages\pydantic\_internal\_generate_schema.py", line 744, in generate_schema
    schema = self._generate_schema_inner(obj)
             ^^^^^^^^^^^^^^^^^^^^^^^^^^^^^^^^
  File "C:\Users\LENOVO T470S\Documents\GitHub\elite-auto-pak\backend\.venv\Lib\site-packages\pydantic\_internal\_generate_schema.py", line 1038, in _generate_schema_inner
    return self._model_schema(obj)
           ^^^^^^^^^^^^^^^^^^^^^^^
  File "C:\Users\LENOVO T470S\Documents\GitHub\elite-auto-pak\backend\.venv\Lib\site-packages\pydantic\_internal\_generate_schema.py", line 868, in _model_schema
    {k: self._generate_md_field_schema(k, v, decorators) for k, v in fields.items()},
        ^^^^^^^^^^^^^^^^^^^^^^^^^^^^^^^^^^^^^^^^^^^^^^^^
  File "C:\Users\LENOVO T470S\Documents\GitHub\elite-auto-pak\backend\.venv\Lib\site-packages\pydantic\_internal\_generate_schema.py", line 1245, in _generate_md_field_schema
    schema, metadata = self._common_field_schema(name, field_info, decorators)
                       ^^^^^^^^^^^^^^^^^^^^^^^^^^^^^^^^^^^^^^^^^^^^^^^^^^^^^^^
  File "C:\Users\LENOVO T470S\Documents\GitHub\elite-auto-pak\backend\.venv\Lib\site-packages\pydantic\_internal\_generate_schema.py", line 1299, in _common_field_schema
    schema = self._apply_annotations(
             ^^^^^^^^^^^^^^^^^^^^^^^^
  File "C:\Users\LENOVO T470S\Documents\GitHub\elite-auto-pak\backend\.venv\Lib\site-packages\pydantic\_internal\_generate_schema.py", line 2252, in _apply_annotations
    schema = get_inner_schema(source_type)
             ^^^^^^^^^^^^^^^^^^^^^^^^^^^^^
  File "C:\Users\LENOVO T470S\Documents\GitHub\elite-auto-pak\backend\.venv\Lib\site-packages\pydantic\_internal\_schema_generation_shared.py", line 83, in __call__
    schema = self._handler(source_type)
             ^^^^^^^^^^^^^^^^^^^^^^^^^^
  File "C:\Users\LENOVO T470S\Documents\GitHub\elite-auto-pak\backend\.venv\Lib\site-packages\pydantic\_internal\_generate_schema.py", line 2228, in inner_handler
    schema = self._generate_schema_from_get_schema_method(obj, source_type)
             ^^^^^^^^^^^^^^^^^^^^^^^^^^^^^^^^^^^^^^^^^^^^^^^^^^^^^^^^^^^^^^
  File "C:\Users\LENOVO T470S\Documents\GitHub\elite-auto-pak\backend\.venv\Lib\site-packages\pydantic\_internal\_generate_schema.py", line 931, in _generate_schema_from_get_schema_method
    schema = get_schema(
             ^^^^^^^^^^^
  File "C:\Users\LENOVO T470S\Documents\GitHub\elite-auto-pak\backend\.venv\Lib\site-packages\pydantic\networks.py", line 1006, in __get_pydantic_core_schema__
    import_email_validator()
  File "C:\Users\LENOVO T470S\Documents\GitHub\elite-auto-pak\backend\.venv\Lib\site-packages\pydantic\networks.py", line 968, in import_email_validator
    raise ImportError("email-validator is not installed, run `pip install 'pydantic[email]'`") from e
ImportError: email-validator is not installed, run `pip install 'pydantic[email]'`
